MSBuild version 17.6.3+07e294721 for .NET Framework

  tinygltf.vcxproj -> C:\Users\jpsimoes\Desktop\MyProjects\Vulkan20260205\build\deps\tinygltf\Debug\tinygltf.lib
  Scanning sources for module dependencies...
  VulkanApp.vcxproj -> C:\Users\jpsimoes\Desktop\MyProjects\Vulkan20260205\build\Debug\VulkanApp.exe
  Copying SDL3.dll to output directory	Copying compiled shaders next to executable
